[14:08:30] [ServerMain/INFO]: Environment: Environment[sessionHost=https://sessionserver.mojang.com, servicesHost=https://api.minecraftservices.com, profilesHost=https://api.mojang.com, name=PROD]
[14:08:31] [Worker-Main-9/INFO]: No existing world data, creating new world
[14:08:31] [ServerMain/INFO]: Loaded 1515 recipes
[14:08:31] [ServerMain/INFO]: Loaded 1617 advancements
[14:08:31] [Server thread/INFO]: Starting minecraft server version 26.1.2
[14:08:31] [Server thread/INFO]: Loading properties
[14:08:31] [Server thread/INFO]: Default game type: SURVIVAL
[14:08:31] [Server thread/INFO]: Generating keypair
[14:08:31] [Server thread/INFO]: Starting Minecraft server on *:25565
[14:08:31] [Server thread/INFO]: Preparing level "world"
[14:08:31] [Server thread/INFO]: Selecting global world spawn...
[14:08:33] [Server thread/INFO]: Loading 0 persistent chunks...
[14:08:33] [Server thread/INFO]: Preparing spawn area: 100%
[14:08:33] [Server thread/INFO]: Time elapsed: 1552 ms
[14:08:33] [Server thread/INFO]: Done (1.731s)! For help, type "help"
[14:08:33] [Server thread/INFO]: Saving chunks for level 'ServerLevel[world]'/minecraft:overworld
[14:08:33] [Server thread/INFO]: Saving chunks for level 'ServerLevel[world]'/minecraft:the_nether
[14:08:33] [Server thread/INFO]: Saving chunks for level 'ServerLevel[world]'/minecraft:the_end
[14:08:33] [Server thread/INFO]: ThreadedAnvilChunkStorage (world): All chunks are saved
[14:08:33] [Server thread/INFO]: ThreadedAnvilChunkStorage (DIM-1): All chunks are saved
[14:08:33] [Server thread/INFO]: ThreadedAnvilChunkStorage (DIM1): All chunks are saved
[14:08:33] [Server thread/INFO]: ThreadedAnvilChunkStorage: All dimensions are saved
